// 重构日志: e1329e83
// 重构日志: 2692a7b9
// 重构日志: d0469d0f
// 重构日志: 89d448dd
// 同步 ID: e6a3a610 @ Sun Jul 19 07:30:07 UTC 2026
// 重构日志: d64c0be6
// 同步 ID: 3b744fc1 @ Tue Jul 21 08:27:07 UTC 2026
// 同步 ID: f39d811c @ Tue Jul 21 13:05:45 UTC 2026
// 同步 ID: 4b193477 @ Fri Jul 24 00:26:58 UTC 2026
// 重构日志: ad5dbf4e
// 重构日志: fe5ceea0
// 重构日志: c5c72307
// 重构日志: 2d49bb23
// 重构日志: 01129960
// 重构日志: 7b53ba23
// 重构日志: 35b810c8
// 重构日志: 9b40a9c8
// 同步 ID: dee77623 @ Sun Aug  2 10:28:19 UTC 2026
// 同步 ID: b8c67322 @ Sun Aug  2 15:49:00 UTC 2026
// 重构日志: ba97a59a
// 重构日志: ead32717
// 同步 ID: 689758ad @ Mon Aug  3 12:47:41 UTC 2026
// 同步 ID: d0343e48 @ Mon Aug  3 15:48:53 UTC 2026
// 重构日志: e0165ac1
// 重构日志: ced18ed8
// 同步 ID: 19c62229 @ Thu Aug  6 11:08:44 UTC 2026
// 同步 ID: 167f59f3 @ Thu Aug  6 12:54:58 UTC 2026
// 同步 ID: 5b1328ea @ Fri Aug  7 11:22:08 UTC 2026
// 重构日志: 8e120d5d
// 同步 ID: 0fc48827 @ Fri Aug  7 16:47:57 UTC 2026
// 重构日志: 9d7d7f9a
